===== ANALYST longcat 2026-09-03 17:18:16 UTC =====
[91m[1mError: [0m{
  "name": "UnknownError",
  "data": {
    "message": "Unexpected server error. Check server logs for details.",
    "ref": "err_cef31a26"
  }
}
===== ANALYST longcat 2026-09-03 20:01:48 UTC =====
[91m[1mError: [0m{
  "name": "UnknownError",
  "data": {
    "message": "Unexpected server error. Check server logs for details.",
    "ref": "err_919bcba7"
  }
}
===== ANALYST longcat 2026-09-03 22:28:31 UTC =====
[91m[1mError: [0m{
  "name": "UnknownError",
  "data": {
    "message": "Unexpected server error. Check server logs for details.",
    "ref": "err_e8ac8440"
  }
}
===== ANALYST longcat 2026-09-04 00:37:33 UTC =====
[91m[1mError: [0m{
  "name": "UnknownError",
  "data": {
    "message": "Unexpected server error. Check server logs for details.",
    "ref": "err_d89129e4"
  }
}
===== ANALYST longcat 2026-09-04 05:18:47 UTC =====
[91m[1mError: [0m{
  "name": "UnknownError",
  "data": {
    "message": "Unexpected server error. Check server logs for details.",
    "ref": "err_c83f3ecc"
  }
}
===== ANALYST longcat 2026-09-04 09:49:39 UTC =====
[91m[1mError: [0m{
  "name": "UnknownError",
  "data": {
    "message": "Unexpected server error. Check server logs for details.",
    "ref": "err_18af9131"
  }
}
===== ANALYST longcat 2026-09-04 14:16:57 UTC =====
[91m[1mError: [0m{
  "name": "UnknownError",
  "data": {
    "message": "Unexpected server error. Check server logs for details.",
    "ref": "err_b8ec5d66"
  }
}
===== ANALYST longcat 2026-09-04 17:50:25 UTC =====
[91m[1mError: [0m{
  "name": "UnknownError",
  "data": {
    "message": "Unexpected server error. Check server logs for details.",
    "ref": "err_2d07166a"
  }
}
===== ANALYST longcat 2026-09-04 20:13:00 UTC =====
[91m[1mError: [0m{
  "name": "UnknownError",
  "data": {
    "message": "Unexpected server error. Check server logs for details.",
    "ref": "err_36d6685e"
  }
}
===== ANALYST longcat 2026-09-04 22:15:24 UTC =====
[91m[1mError: [0m{
  "name": "UnknownError",
  "data": {
    "message": "Unexpected server error. Check server logs for details.",
    "ref": "err_8fc3f324"
  }
}
===== ANALYST longcat 2026-09-05 00:15:43 UTC =====
[91m[1mError: [0m{
  "name": "UnknownError",
  "data": {
    "message": "Unexpected server error. Check server logs for details.",
    "ref": "err_7c4b82c7"
  }
}
===== ANALYST longcat 2026-09-05 04:40:47 UTC =====
[91m[1mError: [0m{
  "name": "UnknownError",
  "data": {
    "message": "Unexpected server error. Check server logs for details.",
    "ref": "err_13b7f084"
  }
}
===== ANALYST longcat 2026-09-05 08:56:11 UTC =====
[91m[1mError: [0m{
  "name": "UnknownError",
  "data": {
    "message": "Unexpected server error. Check server logs for details.",
    "ref": "err_a6a3ef2d"
  }
}
===== ANALYST longcat 2026-09-05 12:23:25 UTC =====
[91m[1mError: [0m{
  "name": "UnknownError",
  "data": {
    "message": "Unexpected server error. Check server logs for details.",
    "ref": "err_a5abe5cf"
  }
}
===== ANALYST longcat 2026-09-05 15:36:13 UTC =====
[91m[1mError: [0m{
  "name": "UnknownError",
  "data": {
    "message": "Unexpected server error. Check server logs for details.",
    "ref": "err_1dfb29d8"
  }
}
===== ANALYST longcat 2026-09-05 17:39:39 UTC =====
[91m[1mError: [0m{
  "name": "UnknownError",
  "data": {
    "message": "Unexpected server error. Check server logs for details.",
    "ref": "err_284c8045"
  }
}
===== ANALYST longcat 2026-09-05 19:36:01 UTC =====
[91m[1mError: [0m{
  "name": "UnknownError",
  "data": {
    "message": "Unexpected server error. Check server logs for details.",
    "ref": "err_ca52a6ab"
  }
}
===== ANALYST longcat 2026-09-05 21:46:58 UTC =====
[91m[1mError: [0m{
  "name": "UnknownError",
  "data": {
    "message": "Unexpected server error. Check server logs for details.",
    "ref": "err_23767b85"
  }
}
===== ANALYST longcat 2026-09-05 23:40:21 UTC =====
[91m[1mError: [0m{
  "name": "UnknownError",
  "data": {
    "message": "Unexpected server error. Check server logs for details.",
    "ref": "err_c529ada9"
  }
}
===== ANALYST longcat 2026-09-06 01:21:56 UTC =====
[91m[1mError: [0m{
  "name": "UnknownError",
  "data": {
    "message": "Unexpected server error. Check server logs for details.",
    "ref": "err_44a5f446"
  }
}
===== ANALYST longcat 2026-09-06 06:09:43 UTC =====
[91m[1mError: [0m{
  "name": "UnknownError",
  "data": {
    "message": "Unexpected server error. Check server logs for details.",
    "ref": "err_75a5ffe3"
  }
}
===== ANALYST longcat 2026-09-06 11:16:11 UTC =====
[91m[1mError: [0m{
  "name": "UnknownError",
  "data": {
    "message": "Unexpected server error. Check server logs for details.",
    "ref": "err_54163229"
  }
}
===== ANALYST longcat 2026-09-06 14:20:57 UTC =====
[91m[1mError: [0m{
  "name": "UnknownError",
  "data": {
    "message": "Unexpected server error. Check server logs for details.",
    "ref": "err_2d59eefa"
  }
}
===== ANALYST longcat 2026-09-06 17:13:58 UTC =====
[91m[1mError: [0m{
  "name": "UnknownError",
  "data": {
    "message": "Unexpected server error. Check server logs for details.",
    "ref": "err_70265867"
  }
}
===== ANALYST longcat 2026-09-06 19:26:14 UTC =====
[91m[1mError: [0m{
  "name": "UnknownError",
  "data": {
    "message": "Unexpected server error. Check server logs for details.",
    "ref": "err_2b64544f"
  }
}
===== ANALYST longcat 2026-09-06 21:32:21 UTC =====
[91m[1mError: [0m{
  "name": "UnknownError",
  "data": {
    "message": "Unexpected server error. Check server logs for details.",
    "ref": "err_5e397bc4"
  }
}
===== ANALYST longcat 2026-09-06 23:11:02 UTC =====
[91m[1mError: [0m{
  "name": "UnknownError",
  "data": {
    "message": "Unexpected server error. Check server logs for details.",
    "ref": "err_07cc683d"
  }
}
===== ANALYST longcat 2026-09-07 01:12:11 UTC =====
[91m[1mError: [0m{
  "name": "UnknownError",
  "data": {
    "message": "Unexpected server error. Check server logs for details.",
    "ref": "err_ab245189"
  }
}
===== ANALYST longcat 2026-09-07 06:18:06 UTC =====
[91m[1mError: [0m{
  "name": "UnknownError",
  "data": {
    "message": "Unexpected server error. Check server logs for details.",
    "ref": "err_04e067a2"
  }
}
===== ANALYST longcat 2026-09-07 12:53:13 UTC =====
[91m[1mError: [0m{
  "name": "UnknownError",
  "data": {
    "message": "Unexpected server error. Check server logs for details.",
    "ref": "err_7e9657dc"
  }
}
===== ANALYST longcat 2026-09-07 18:18:46 UTC =====
[91m[1mError: [0m{
  "name": "UnknownError",
  "data": {
    "message": "Unexpected server error. Check server logs for details.",
    "ref": "err_67d5ed16"
  }
}
===== ANALYST longcat 2026-09-07 21:39:08 UTC =====
[91m[1mError: [0m{
  "name": "UnknownError",
  "data": {
    "message": "Unexpected server error. Check server logs for details.",
    "ref": "err_c4149383"
  }
}
===== ANALYST longcat 2026-09-07 23:47:38 UTC =====
[91m[1mError: [0m{
  "name": "UnknownError",
  "data": {
    "message": "Unexpected server error. Check server logs for details.",
    "ref": "err_89bec1d5"
  }
}
===== ANALYST longcat 2026-09-08 03:43:46 UTC =====
[91m[1mError: [0m{
  "name": "UnknownError",
  "data": {
    "message": "Unexpected server error. Check server logs for details.",
    "ref": "err_e6389513"
  }
}
===== ANALYST longcat 2026-09-08 08:33:35 UTC =====
[91m[1mError: [0m{
  "name": "UnknownError",
  "data": {
    "message": "Unexpected server error. Check server logs for details.",
    "ref": "err_dd3bd340"
  }
}
===== ANALYST longcat 2026-09-08 13:09:50 UTC =====
[91m[1mError: [0m{
  "name": "UnknownError",
  "data": {
    "message": "Unexpected server error. Check server logs for details.",
    "ref": "err_d0a0c5db"
  }
}
===== ANALYST longcat 2026-09-08 17:13:02 UTC =====
[91m[1mError: [0m{
  "name": "UnknownError",
  "data": {
    "message": "Unexpected server error. Check server logs for details.",
    "ref": "err_76308638"
  }
}
===== ANALYST longcat 2026-09-08 19:57:54 UTC =====
[91m[1mError: [0m{
  "name": "UnknownError",
  "data": {
    "message": "Unexpected server error. Check server logs for details.",
    "ref": "err_d9503a85"
  }
}
===== ANALYST longcat 2026-09-08 22:30:51 UTC =====
[91m[1mError: [0m{
  "name": "UnknownError",
  "data": {
    "message": "Unexpected server error. Check server logs for details.",
    "ref": "err_d2d2a46b"
  }
}
===== ANALYST longcat 2026-09-09 00:38:56 UTC =====
[91m[1mError: [0m{
  "name": "UnknownError",
  "data": {
    "message": "Unexpected server error. Check server logs for details.",
    "ref": "err_97a40bd4"
  }
}
===== ANALYST longcat 2026-09-09 05:17:00 UTC =====
[91m[1mError: [0m{
  "name": "UnknownError",
  "data": {
    "message": "Unexpected server error. Check server logs for details.",
    "ref": "err_747657c8"
  }
}
===== ANALYST longcat 2026-09-09 09:54:31 UTC =====
[91m[1mError: [0m{
  "name": "UnknownError",
  "data": {
    "message": "Unexpected server error. Check server logs for details.",
    "ref": "err_3e7d809b"
  }
}
===== ANALYST longcat 2026-09-09 14:25:02 UTC =====
[91m[1mError: [0m{
  "name": "UnknownError",
  "data": {
    "message": "Unexpected server error. Check server logs for details.",
    "ref": "err_312f99db"
  }
}
===== ANALYST longcat 2026-09-09 17:55:13 UTC =====
[91m[1mError: [0m{
  "name": "UnknownError",
  "data": {
    "message": "Unexpected server error. Check server logs for details.",
    "ref": "err_3b56ec77"
  }
}
===== ANALYST longcat 2026-09-09 20:40:17 UTC =====
[91m[1mError: [0m{
  "name": "UnknownError",
  "data": {
    "message": "Unexpected server error. Check server logs for details.",
    "ref": "err_003c3604"
  }
}
===== ANALYST longcat 2026-09-09 23:05:54 UTC =====
[91m[1mError: [0m{
  "name": "UnknownError",
  "data": {
    "message": "Unexpected server error. Check server logs for details.",
    "ref": "err_04409d34"
  }
}
===== ANALYST longcat 2026-09-10 00:57:14 UTC =====
[91m[1mError: [0m{
  "name": "UnknownError",
  "data": {
    "message": "Unexpected server error. Check server logs for details.",
    "ref": "err_510408b2"
  }
}
===== ANALYST longcat 2026-09-10 05:48:05 UTC =====
[91m[1mError: [0m{
  "name": "UnknownError",
  "data": {
    "message": "Unexpected server error. Check server logs for details.",
    "ref": "err_cf7fe83d"
  }
}
===== ANALYST longcat 2026-09-10 10:57:47 UTC =====
[91m[1mError: [0m{
  "name": "UnknownError",
  "data": {
    "message": "Unexpected server error. Check server logs for details.",
    "ref": "err_176ea7f2"
  }
}
===== ANALYST longcat 2026-09-10 15:12:06 UTC =====
[91m[1mError: [0m{
  "name": "UnknownError",
  "data": {
    "message": "Unexpected server error. Check server logs for details.",
    "ref": "err_15d079b4"
  }
}
===== ANALYST longcat 2026-09-10 18:14:38 UTC =====
[91m[1mError: [0m{
  "name": "UnknownError",
  "data": {
    "message": "Unexpected server error. Check server logs for details.",
    "ref": "err_0c08ea71"
  }
}
===== ANALYST longcat 2026-09-10 20:59:46 UTC =====
[91m[1mError: [0m{
  "name": "UnknownError",
  "data": {
    "message": "Unexpected server error. Check server logs for details.",
    "ref": "err_c385c391"
  }
}
===== ANALYST longcat 2026-09-10 23:03:28 UTC =====
[91m[1mError: [0m{
  "name": "UnknownError",
  "data": {
    "message": "Unexpected server error. Check server logs for details.",
    "ref": "err_55410cb8"
  }
}
===== ANALYST longcat 2026-09-11 01:13:09 UTC =====
[91m[1mError: [0m{
  "name": "UnknownError",
  "data": {
    "message": "Unexpected server error. Check server logs for details.",
    "ref": "err_2e4a94f6"
  }
}
===== ANALYST longcat 2026-09-11 06:13:59 UTC =====
[91m[1mError: [0m{
  "name": "UnknownError",
  "data": {
    "message": "Unexpected server error. Check server logs for details.",
    "ref": "err_5b6b3344"
  }
}
===== ANALYST longcat 2026-09-11 11:34:00 UTC =====
[91m[1mError: [0m{
  "name": "UnknownError",
  "data": {
    "message": "Unexpected server error. Check server logs for details.",
    "ref": "err_a329bf25"
  }
}
===== ANALYST longcat 2026-09-11 15:22:48 UTC =====
[91m[1mError: [0m{
  "name": "UnknownError",
  "data": {
    "message": "Unexpected server error. Check server logs for details.",
    "ref": "err_283b1bac"
  }
}
===== ANALYST longcat 2026-09-11 18:40:24 UTC =====
[91m[1mError: [0m{
  "name": "UnknownError",
  "data": {
    "message": "Unexpected server error. Check server logs for details.",
    "ref": "err_7bd28930"
  }
}
===== ANALYST longcat 2026-09-11 21:21:26 UTC =====
[91m[1mError: [0m{
  "name": "UnknownError",
  "data": {
    "message": "Unexpected server error. Check server logs for details.",
    "ref": "err_99662173"
  }
}
===== ANALYST longcat 2026-09-11 23:23:45 UTC =====
[91m[1mError: [0m{
  "name": "UnknownError",
  "data": {
    "message": "Unexpected server error. Check server logs for details.",
    "ref": "err_bb7f7fd0"
  }
}
===== ANALYST longcat 2026-09-12 01:35:20 UTC =====
[91m[1mError: [0m{
  "name": "UnknownError",
  "data": {
    "message": "Unexpected server error. Check server logs for details.",
    "ref": "err_5c14ca9d"
  }
}
===== ANALYST longcat 2026-09-12 06:31:09 UTC =====
[91m[1mError: [0m{
  "name": "UnknownError",
  "data": {
    "message": "Unexpected server error. Check server logs for details.",
    "ref": "err_dec6228d"
  }
}
===== ANALYST longcat 2026-09-12 11:20:00 UTC =====
[91m[1mError: [0m{
  "name": "UnknownError",
  "data": {
    "message": "Unexpected server error. Check server logs for details.",
    "ref": "err_1d7cb7b7"
  }
}
===== ANALYST longcat 2026-09-12 14:20:20 UTC =====
[91m[1mError: [0m{
  "name": "UnknownError",
  "data": {
    "message": "Unexpected server error. Check server logs for details.",
    "ref": "err_32395608"
  }
}
===== ANALYST longcat 2026-09-12 17:24:48 UTC =====
[91m[1mError: [0m{
  "name": "UnknownError",
  "data": {
    "message": "Unexpected server error. Check server logs for details.",
    "ref": "err_95572394"
  }
}
===== ANALYST longcat 2026-09-12 19:29:42 UTC =====
[91m[1mError: [0m{
  "name": "UnknownError",
  "data": {
    "message": "Unexpected server error. Check server logs for details.",
    "ref": "err_ee8f2fde"
  }
}
===== ANALYST longcat 2026-09-12 21:39:36 UTC =====
[91m[1mError: [0m{
  "name": "UnknownError",
  "data": {
    "message": "Unexpected server error. Check server logs for details.",
    "ref": "err_63c38b4d"
  }
}
===== ANALYST longcat 2026-09-12 23:24:40 UTC =====
[91m[1mError: [0m{
  "name": "UnknownError",
  "data": {
    "message": "Unexpected server error. Check server logs for details.",
    "ref": "err_364f5cf5"
  }
}
===== ANALYST longcat 2026-09-13 01:25:57 UTC =====
[91m[1mError: [0m{
  "name": "UnknownError",
  "data": {
    "message": "Unexpected server error. Check server logs for details.",
    "ref": "err_f489c4b3"
  }
}
===== ANALYST longcat 2026-09-13 06:48:59 UTC =====
[91m[1mError: [0m{
  "name": "UnknownError",
  "data": {
    "message": "Unexpected server error. Check server logs for details.",
    "ref": "err_ceb954c8"
  }
}
===== ANALYST longcat 2026-09-13 12:40:34 UTC =====
[91m[1mError: [0m{
  "name": "UnknownError",
  "data": {
    "message": "Unexpected server error. Check server logs for details.",
    "ref": "err_9d0bb6bd"
  }
}
===== ANALYST longcat 2026-09-13 16:39:29 UTC =====
[91m[1mError: [0m{
  "name": "UnknownError",
  "data": {
    "message": "Unexpected server error. Check server logs for details.",
    "ref": "err_997d7063"
  }
}
===== ANALYST longcat 2026-09-13 19:17:26 UTC =====
[91m[1mError: [0m{
  "name": "UnknownError",
  "data": {
    "message": "Unexpected server error. Check server logs for details.",
    "ref": "err_58f1c3ee"
  }
}
===== ANALYST longcat 2026-09-13 21:22:40 UTC =====
[91m[1mError: [0m{
  "name": "UnknownError",
  "data": {
    "message": "Unexpected server error. Check server logs for details.",
    "ref": "err_caa888c7"
  }
}
===== ANALYST longcat 2026-09-13 23:31:40 UTC =====
[91m[1mError: [0m{
  "name": "UnknownError",
  "data": {
    "message": "Unexpected server error. Check server logs for details.",
    "ref": "err_62af2485"
  }
}
===== ANALYST longcat 2026-09-14 01:41:35 UTC =====
[91m[1mError: [0m{
  "name": "UnknownError",
  "data": {
    "message": "Unexpected server error. Check server logs for details.",
    "ref": "err_9ff3d4ac"
  }
}
===== ANALYST longcat 2026-09-14 07:11:32 UTC =====
[91m[1mError: [0m{
  "name": "UnknownError",
  "data": {
    "message": "Unexpected server error. Check server logs for details.",
    "ref": "err_855d75ac"
  }
}
===== ANALYST longcat 2026-09-14 14:19:21 UTC =====
[91m[1mError: [0m{
  "name": "UnknownError",
  "data": {
    "message": "Unexpected server error. Check server logs for details.",
    "ref": "err_c64ce28f"
  }
}
===== ANALYST longcat 2026-09-14 19:32:25 UTC =====
[91m[1mError: [0m{
  "name": "UnknownError",
  "data": {
    "message": "Unexpected server error. Check server logs for details.",
    "ref": "err_75e14e19"
  }
}
===== ANALYST longcat 2026-09-14 22:47:01 UTC =====
[91m[1mError: [0m{
  "name": "UnknownError",
  "data": {
    "message": "Unexpected server error. Check server logs for details.",
    "ref": "err_875c0b15"
  }
}
===== ANALYST longcat 2026-09-15 01:17:33 UTC =====
[91m[1mError: [0m{
  "name": "UnknownError",
  "data": {
    "message": "Unexpected server error. Check server logs for details.",
    "ref": "err_819e8465"
  }
}
===== ANALYST longcat 2026-09-15 06:20:55 UTC =====
[91m[1mError: [0m{
  "name": "UnknownError",
  "data": {
    "message": "Unexpected server error. Check server logs for details.",
    "ref": "err_ad1fc397"
  }
}
===== ANALYST longcat 2026-09-15 11:56:31 UTC =====
[91m[1mError: [0m{
  "name": "UnknownError",
  "data": {
    "message": "Unexpected server error. Check server logs for details.",
    "ref": "err_e0c1bea1"
  }
}
===== ANALYST longcat 2026-09-15 16:34:52 UTC =====
[91m[1mError: [0m{
  "name": "UnknownError",
  "data": {
    "message": "Unexpected server error. Check server logs for details.",
    "ref": "err_b505b516"
  }
}
===== ANALYST longcat 2026-09-15 19:52:56 UTC =====
[91m[1mError: [0m{
  "name": "UnknownError",
  "data": {
    "message": "Unexpected server error. Check server logs for details.",
    "ref": "err_b7a11f16"
  }
}
===== ANALYST longcat 2026-09-15 22:55:41 UTC =====
[91m[1mError: [0m{
  "name": "UnknownError",
  "data": {
    "message": "Unexpected server error. Check server logs for details.",
    "ref": "err_8c97c58a"
  }
}
===== ANALYST longcat 2026-09-16 01:13:10 UTC =====
[91m[1mError: [0m{
  "name": "UnknownError",
  "data": {
    "message": "Unexpected server error. Check server logs for details.",
    "ref": "err_bc192b09"
  }
}
===== ANALYST longcat 2026-09-16 06:10:40 UTC =====
[91m[1mError: [0m{
  "name": "UnknownError",
  "data": {
    "message": "Unexpected server error. Check server logs for details.",
    "ref": "err_288549bf"
  }
}
===== ANALYST longcat 2026-09-16 11:49:55 UTC =====
[91m[1mError: [0m{
  "name": "UnknownError",
  "data": {
    "message": "Unexpected server error. Check server logs for details.",
    "ref": "err_2dd51998"
  }
}
===== ANALYST longcat 2026-09-16 16:24:40 UTC =====
[91m[1mError: [0m{
  "name": "UnknownError",
  "data": {
    "message": "Unexpected server error. Check server logs for details.",
    "ref": "err_7065b915"
  }
}
===== ANALYST longcat 2026-09-16 20:01:11 UTC =====
[91m[1mError: [0m{
  "name": "UnknownError",
  "data": {
    "message": "Unexpected server error. Check server logs for details.",
    "ref": "err_0bda8d55"
  }
}
===== ANALYST longcat 2026-09-16 22:44:01 UTC =====
[91m[1mError: [0m{
  "name": "UnknownError",
  "data": {
    "message": "Unexpected server error. Check server logs for details.",
    "ref": "err_a587e3c0"
  }
}
===== ANALYST longcat 2026-09-17 01:09:30 UTC =====
[91m[1mError: [0m{
  "name": "UnknownError",
  "data": {
    "message": "Unexpected server error. Check server logs for details.",
    "ref": "err_65795f24"
  }
}
===== ANALYST longcat 2026-09-17 06:14:32 UTC =====
[91m[1mError: [0m{
  "name": "UnknownError",
  "data": {
    "message": "Unexpected server error. Check server logs for details.",
    "ref": "err_bde2de67"
  }
}
===== ANALYST longcat 2026-09-17 11:54:06 UTC =====
[91m[1mError: [0m{
  "name": "UnknownError",
  "data": {
    "message": "Unexpected server error. Check server logs for details.",
    "ref": "err_bcae60f7"
  }
}
===== ANALYST longcat 2026-09-17 16:31:10 UTC =====
[91m[1mError: [0m{
  "name": "UnknownError",
  "data": {
    "message": "Unexpected server error. Check server logs for details.",
    "ref": "err_91fe9773"
  }
}
===== ANALYST longcat 2026-09-17 19:51:55 UTC =====
[91m[1mError: [0m{
  "name": "UnknownError",
  "data": {
    "message": "Unexpected server error. Check server logs for details.",
    "ref": "err_63e38383"
  }
}
===== ANALYST longcat 2026-09-17 22:44:34 UTC =====
[91m[1mError: [0m{
  "name": "UnknownError",
  "data": {
    "message": "Unexpected server error. Check server logs for details.",
    "ref": "err_e682f733"
  }
}
===== ANALYST longcat 2026-09-18 01:06:45 UTC =====
[91m[1mError: [0m{
  "name": "UnknownError",
  "data": {
    "message": "Unexpected server error. Check server logs for details.",
    "ref": "err_4b8b7ed6"
  }
}
