===== ANALYST ling3 2026-09-03 17:18:16 UTC =====
[91m[1mError: [0m{
  "name": "UnknownError",
  "data": {
    "message": "Unexpected server error. Check server logs for details.",
    "ref": "err_7a941efc"
  }
}
===== ANALYST ling3 2026-09-03 20:01:48 UTC =====
[91m[1mError: [0m{
  "name": "UnknownError",
  "data": {
    "message": "Unexpected server error. Check server logs for details.",
    "ref": "err_e5b1b857"
  }
}
===== ANALYST ling3 2026-09-03 22:28:31 UTC =====
[91m[1mError: [0m{
  "name": "UnknownError",
  "data": {
    "message": "Unexpected server error. Check server logs for details.",
    "ref": "err_59da5e14"
  }
}
===== ANALYST ling3 2026-09-04 00:37:33 UTC =====
[91m[1mError: [0m{
  "name": "UnknownError",
  "data": {
    "message": "Unexpected server error. Check server logs for details.",
    "ref": "err_b313c876"
  }
}
===== ANALYST ling3 2026-09-04 05:18:47 UTC =====
[91m[1mError: [0m{
  "name": "UnknownError",
  "data": {
    "message": "Unexpected server error. Check server logs for details.",
    "ref": "err_1b7ce2f6"
  }
}
===== ANALYST ling3 2026-09-04 09:49:39 UTC =====
[91m[1mError: [0m{
  "name": "UnknownError",
  "data": {
    "message": "Unexpected server error. Check server logs for details.",
    "ref": "err_8551da24"
  }
}
===== ANALYST ling3 2026-09-04 14:16:57 UTC =====
[91m[1mError: [0m{
  "name": "UnknownError",
  "data": {
    "message": "Unexpected server error. Check server logs for details.",
    "ref": "err_888745f4"
  }
}
===== ANALYST ling3 2026-09-04 17:50:25 UTC =====
[91m[1mError: [0m{
  "name": "UnknownError",
  "data": {
    "message": "Unexpected server error. Check server logs for details.",
    "ref": "err_b7cb9211"
  }
}
===== ANALYST ling3 2026-09-04 20:13:00 UTC =====
[91m[1mError: [0m{
  "name": "UnknownError",
  "data": {
    "message": "Unexpected server error. Check server logs for details.",
    "ref": "err_5d3f0446"
  }
}
===== ANALYST ling3 2026-09-04 22:15:24 UTC =====
[91m[1mError: [0m{
  "name": "UnknownError",
  "data": {
    "message": "Unexpected server error. Check server logs for details.",
    "ref": "err_ed01d3e5"
  }
}
===== ANALYST ling3 2026-09-05 00:15:43 UTC =====
[91m[1mError: [0m{
  "name": "UnknownError",
  "data": {
    "message": "Unexpected server error. Check server logs for details.",
    "ref": "err_6ce5fa37"
  }
}
===== ANALYST ling3 2026-09-05 04:40:47 UTC =====
[91m[1mError: [0m{
  "name": "UnknownError",
  "data": {
    "message": "Unexpected server error. Check server logs for details.",
    "ref": "err_ec37a925"
  }
}
===== ANALYST ling3 2026-09-05 08:56:11 UTC =====
[91m[1mError: [0m{
  "name": "UnknownError",
  "data": {
    "message": "Unexpected server error. Check server logs for details.",
    "ref": "err_e34065c0"
  }
}
===== ANALYST ling3 2026-09-05 12:23:25 UTC =====
[91m[1mError: [0m{
  "name": "UnknownError",
  "data": {
    "message": "Unexpected server error. Check server logs for details.",
    "ref": "err_ee376ce6"
  }
}
===== ANALYST ling3 2026-09-05 15:36:13 UTC =====
[91m[1mError: [0m{
  "name": "UnknownError",
  "data": {
    "message": "Unexpected server error. Check server logs for details.",
    "ref": "err_2d0a576f"
  }
}
===== ANALYST ling3 2026-09-05 17:39:39 UTC =====
[91m[1mError: [0m{
  "name": "UnknownError",
  "data": {
    "message": "Unexpected server error. Check server logs for details.",
    "ref": "err_49dda897"
  }
}
===== ANALYST ling3 2026-09-05 19:36:01 UTC =====
[91m[1mError: [0m{
  "name": "UnknownError",
  "data": {
    "message": "Unexpected server error. Check server logs for details.",
    "ref": "err_50487bdf"
  }
}
===== ANALYST ling3 2026-09-05 21:46:58 UTC =====
[91m[1mError: [0m{
  "name": "UnknownError",
  "data": {
    "message": "Unexpected server error. Check server logs for details.",
    "ref": "err_01982176"
  }
}
===== ANALYST ling3 2026-09-05 23:40:21 UTC =====
[91m[1mError: [0m{
  "name": "UnknownError",
  "data": {
    "message": "Unexpected server error. Check server logs for details.",
    "ref": "err_af3b4486"
  }
}
===== ANALYST ling3 2026-09-06 01:21:56 UTC =====
[91m[1mError: [0m{
  "name": "UnknownError",
  "data": {
    "message": "Unexpected server error. Check server logs for details.",
    "ref": "err_f7ddcf07"
  }
}
===== ANALYST ling3 2026-09-06 06:09:43 UTC =====
[91m[1mError: [0m{
  "name": "UnknownError",
  "data": {
    "message": "Unexpected server error. Check server logs for details.",
    "ref": "err_5d8f0748"
  }
}
===== ANALYST ling3 2026-09-06 11:16:11 UTC =====
[91m[1mError: [0m{
  "name": "UnknownError",
  "data": {
    "message": "Unexpected server error. Check server logs for details.",
    "ref": "err_1e71f174"
  }
}
===== ANALYST ling3 2026-09-06 14:20:57 UTC =====
[91m[1mError: [0m{
  "name": "UnknownError",
  "data": {
    "message": "Unexpected server error. Check server logs for details.",
    "ref": "err_d349686b"
  }
}
===== ANALYST ling3 2026-09-06 17:13:58 UTC =====
[91m[1mError: [0m{
  "name": "UnknownError",
  "data": {
    "message": "Unexpected server error. Check server logs for details.",
    "ref": "err_cbce0dc6"
  }
}
===== ANALYST ling3 2026-09-06 19:26:14 UTC =====
[91m[1mError: [0m{
  "name": "UnknownError",
  "data": {
    "message": "Unexpected server error. Check server logs for details.",
    "ref": "err_03e56615"
  }
}
===== ANALYST ling3 2026-09-06 21:32:21 UTC =====
[91m[1mError: [0m{
  "name": "UnknownError",
  "data": {
    "message": "Unexpected server error. Check server logs for details.",
    "ref": "err_7c2960e8"
  }
}
===== ANALYST ling3 2026-09-06 23:11:02 UTC =====
[91m[1mError: [0m{
  "name": "UnknownError",
  "data": {
    "message": "Unexpected server error. Check server logs for details.",
    "ref": "err_7653188c"
  }
}
===== ANALYST ling3 2026-09-07 01:12:11 UTC =====
[91m[1mError: [0m{
  "name": "UnknownError",
  "data": {
    "message": "Unexpected server error. Check server logs for details.",
    "ref": "err_2f061c18"
  }
}
===== ANALYST ling3 2026-09-07 06:18:06 UTC =====
[91m[1mError: [0m{
  "name": "UnknownError",
  "data": {
    "message": "Unexpected server error. Check server logs for details.",
    "ref": "err_76621182"
  }
}
===== ANALYST ling3 2026-09-07 12:53:13 UTC =====
[91m[1mError: [0m{
  "name": "UnknownError",
  "data": {
    "message": "Unexpected server error. Check server logs for details.",
    "ref": "err_f2119560"
  }
}
===== ANALYST ling3 2026-09-07 18:18:46 UTC =====
[91m[1mError: [0m{
  "name": "UnknownError",
  "data": {
    "message": "Unexpected server error. Check server logs for details.",
    "ref": "err_bd93cdcb"
  }
}
===== ANALYST ling3 2026-09-07 21:39:08 UTC =====
[91m[1mError: [0m{
  "name": "UnknownError",
  "data": {
    "message": "Unexpected server error. Check server logs for details.",
    "ref": "err_c1e06e33"
  }
}
===== ANALYST ling3 2026-09-07 23:47:38 UTC =====
[91m[1mError: [0m{
  "name": "UnknownError",
  "data": {
    "message": "Unexpected server error. Check server logs for details.",
    "ref": "err_cd51f4a9"
  }
}
===== ANALYST ling3 2026-09-08 03:43:46 UTC =====
[91m[1mError: [0m{
  "name": "UnknownError",
  "data": {
    "message": "Unexpected server error. Check server logs for details.",
    "ref": "err_a2d1138f"
  }
}
===== ANALYST ling3 2026-09-08 08:33:35 UTC =====
[91m[1mError: [0m{
  "name": "UnknownError",
  "data": {
    "message": "Unexpected server error. Check server logs for details.",
    "ref": "err_781cc549"
  }
}
===== ANALYST ling3 2026-09-08 13:09:50 UTC =====
[91m[1mError: [0m{
  "name": "UnknownError",
  "data": {
    "message": "Unexpected server error. Check server logs for details.",
    "ref": "err_671d1d06"
  }
}
===== ANALYST ling3 2026-09-08 17:13:02 UTC =====
[91m[1mError: [0m{
  "name": "UnknownError",
  "data": {
    "message": "Unexpected server error. Check server logs for details.",
    "ref": "err_ecd266af"
  }
}
