===== ANALYST laguna 2026-09-03 17:18:16 UTC =====
[91m[1mError: [0m{
  "name": "UnknownError",
  "data": {
    "message": "Unexpected server error. Check server logs for details.",
    "ref": "err_cce6a3b6"
  }
}
===== ANALYST laguna 2026-09-03 20:01:48 UTC =====
[91m[1mError: [0m{
  "name": "UnknownError",
  "data": {
    "message": "Unexpected server error. Check server logs for details.",
    "ref": "err_8c5d6652"
  }
}
===== ANALYST laguna 2026-09-03 22:28:31 UTC =====
[91m[1mError: [0m{
  "name": "UnknownError",
  "data": {
    "message": "Unexpected server error. Check server logs for details.",
    "ref": "err_3709b2f2"
  }
}
===== ANALYST laguna 2026-09-04 00:37:33 UTC =====
[91m[1mError: [0m{
  "name": "UnknownError",
  "data": {
    "message": "Unexpected server error. Check server logs for details.",
    "ref": "err_e10f8945"
  }
}
===== ANALYST laguna 2026-09-04 05:18:47 UTC =====
[91m[1mError: [0m{
  "name": "UnknownError",
  "data": {
    "message": "Unexpected server error. Check server logs for details.",
    "ref": "err_a715c0c6"
  }
}
===== ANALYST laguna 2026-09-04 09:49:39 UTC =====
[91m[1mError: [0m{
  "name": "UnknownError",
  "data": {
    "message": "Unexpected server error. Check server logs for details.",
    "ref": "err_0328e05d"
  }
}
===== ANALYST laguna 2026-09-04 14:16:57 UTC =====
[91m[1mError: [0m{
  "name": "UnknownError",
  "data": {
    "message": "Unexpected server error. Check server logs for details.",
    "ref": "err_82401fd5"
  }
}
===== ANALYST laguna 2026-09-04 17:50:25 UTC =====
[91m[1mError: [0m{
  "name": "UnknownError",
  "data": {
    "message": "Unexpected server error. Check server logs for details.",
    "ref": "err_70614f7c"
  }
}
===== ANALYST laguna 2026-09-04 20:13:00 UTC =====
[91m[1mError: [0m{
  "name": "UnknownError",
  "data": {
    "message": "Unexpected server error. Check server logs for details.",
    "ref": "err_5f692d79"
  }
}
===== ANALYST laguna 2026-09-04 22:15:24 UTC =====
[91m[1mError: [0m{
  "name": "UnknownError",
  "data": {
    "message": "Unexpected server error. Check server logs for details.",
    "ref": "err_9d71145d"
  }
}
===== ANALYST laguna 2026-09-05 00:15:43 UTC =====
[91m[1mError: [0m{
  "name": "UnknownError",
  "data": {
    "message": "Unexpected server error. Check server logs for details.",
    "ref": "err_e9033b73"
  }
}
===== ANALYST laguna 2026-09-05 04:40:47 UTC =====
[91m[1mError: [0m{
  "name": "UnknownError",
  "data": {
    "message": "Unexpected server error. Check server logs for details.",
    "ref": "err_18fba60e"
  }
}
===== ANALYST laguna 2026-09-05 08:56:11 UTC =====
[91m[1mError: [0m{
  "name": "UnknownError",
  "data": {
    "message": "Unexpected server error. Check server logs for details.",
    "ref": "err_7d2ed11b"
  }
}
===== ANALYST laguna 2026-09-05 12:23:25 UTC =====
[91m[1mError: [0m{
  "name": "UnknownError",
  "data": {
    "message": "Unexpected server error. Check server logs for details.",
    "ref": "err_0aa12fe0"
  }
}
===== ANALYST laguna 2026-09-05 15:36:13 UTC =====
[91m[1mError: [0m{
  "name": "UnknownError",
  "data": {
    "message": "Unexpected server error. Check server logs for details.",
    "ref": "err_ecf7ecf0"
  }
}
===== ANALYST laguna 2026-09-05 17:39:39 UTC =====
[91m[1mError: [0m{
  "name": "UnknownError",
  "data": {
    "message": "Unexpected server error. Check server logs for details.",
    "ref": "err_04aded0e"
  }
}
===== ANALYST laguna 2026-09-05 19:36:01 UTC =====
[91m[1mError: [0m{
  "name": "UnknownError",
  "data": {
    "message": "Unexpected server error. Check server logs for details.",
    "ref": "err_c54afe5b"
  }
}
===== ANALYST laguna 2026-09-05 21:46:58 UTC =====
[91m[1mError: [0m{
  "name": "UnknownError",
  "data": {
    "message": "Unexpected server error. Check server logs for details.",
    "ref": "err_f5301e0b"
  }
}
===== ANALYST laguna 2026-09-05 23:40:21 UTC =====
[91m[1mError: [0m{
  "name": "UnknownError",
  "data": {
    "message": "Unexpected server error. Check server logs for details.",
    "ref": "err_55ccf32c"
  }
}
===== ANALYST laguna 2026-09-06 01:21:56 UTC =====
[91m[1mError: [0m{
  "name": "UnknownError",
  "data": {
    "message": "Unexpected server error. Check server logs for details.",
    "ref": "err_dcea403c"
  }
}
===== ANALYST laguna 2026-09-06 06:09:43 UTC =====
[91m[1mError: [0m{
  "name": "UnknownError",
  "data": {
    "message": "Unexpected server error. Check server logs for details.",
    "ref": "err_babe6bdb"
  }
}
===== ANALYST laguna 2026-09-06 11:16:11 UTC =====
[91m[1mError: [0m{
  "name": "UnknownError",
  "data": {
    "message": "Unexpected server error. Check server logs for details.",
    "ref": "err_39c20983"
  }
}
===== ANALYST laguna 2026-09-06 14:20:57 UTC =====
[91m[1mError: [0m{
  "name": "UnknownError",
  "data": {
    "message": "Unexpected server error. Check server logs for details.",
    "ref": "err_4f9eb22c"
  }
}
===== ANALYST laguna 2026-09-06 17:13:58 UTC =====
[91m[1mError: [0m{
  "name": "UnknownError",
  "data": {
    "message": "Unexpected server error. Check server logs for details.",
    "ref": "err_7ff56c6f"
  }
}
===== ANALYST laguna 2026-09-06 19:26:14 UTC =====
[91m[1mError: [0m{
  "name": "UnknownError",
  "data": {
    "message": "Unexpected server error. Check server logs for details.",
    "ref": "err_a14d1baa"
  }
}
===== ANALYST laguna 2026-09-06 21:32:21 UTC =====
[91m[1mError: [0m{
  "name": "UnknownError",
  "data": {
    "message": "Unexpected server error. Check server logs for details.",
    "ref": "err_9cdc9bf6"
  }
}
===== ANALYST laguna 2026-09-06 23:11:02 UTC =====
[91m[1mError: [0m{
  "name": "UnknownError",
  "data": {
    "message": "Unexpected server error. Check server logs for details.",
    "ref": "err_3771240b"
  }
}
===== ANALYST laguna 2026-09-07 01:12:11 UTC =====
[91m[1mError: [0m{
  "name": "UnknownError",
  "data": {
    "message": "Unexpected server error. Check server logs for details.",
    "ref": "err_07c8991a"
  }
}
===== ANALYST laguna 2026-09-07 06:18:06 UTC =====
[91m[1mError: [0m{
  "name": "UnknownError",
  "data": {
    "message": "Unexpected server error. Check server logs for details.",
    "ref": "err_55b45ddc"
  }
}
===== ANALYST laguna 2026-09-07 12:53:13 UTC =====
[91m[1mError: [0m{
  "name": "UnknownError",
  "data": {
    "message": "Unexpected server error. Check server logs for details.",
    "ref": "err_08915276"
  }
}
===== ANALYST laguna 2026-09-07 18:18:46 UTC =====
[91m[1mError: [0m{
  "name": "UnknownError",
  "data": {
    "message": "Unexpected server error. Check server logs for details.",
    "ref": "err_04005359"
  }
}
===== ANALYST laguna 2026-09-07 21:39:08 UTC =====
[91m[1mError: [0m{
  "name": "UnknownError",
  "data": {
    "message": "Unexpected server error. Check server logs for details.",
    "ref": "err_525db427"
  }
}
===== ANALYST laguna 2026-09-07 23:47:38 UTC =====
[91m[1mError: [0m{
  "name": "UnknownError",
  "data": {
    "message": "Unexpected server error. Check server logs for details.",
    "ref": "err_ff9748f9"
  }
}
===== ANALYST laguna 2026-09-08 03:43:46 UTC =====
[91m[1mError: [0m{
  "name": "UnknownError",
  "data": {
    "message": "Unexpected server error. Check server logs for details.",
    "ref": "err_9c9dc7d9"
  }
}
===== ANALYST laguna 2026-09-08 08:33:35 UTC =====
[91m[1mError: [0m{
  "name": "UnknownError",
  "data": {
    "message": "Unexpected server error. Check server logs for details.",
    "ref": "err_0d1e6c8d"
  }
}
===== ANALYST laguna 2026-09-08 13:09:50 UTC =====
[91m[1mError: [0m{
  "name": "UnknownError",
  "data": {
    "message": "Unexpected server error. Check server logs for details.",
    "ref": "err_04b0cc9c"
  }
}
===== ANALYST laguna 2026-09-08 17:13:02 UTC =====
[91m[1mError: [0m{
  "name": "UnknownError",
  "data": {
    "message": "Unexpected server error. Check server logs for details.",
    "ref": "err_8e4e7e4a"
  }
}
===== ANALYST laguna 2026-09-08 19:57:54 UTC =====
[91m[1mError: [0m{
  "name": "UnknownError",
  "data": {
    "message": "Unexpected server error. Check server logs for details.",
    "ref": "err_866507a3"
  }
}
===== ANALYST laguna 2026-09-08 22:30:51 UTC =====
[91m[1mError: [0m{
  "name": "UnknownError",
  "data": {
    "message": "Unexpected server error. Check server logs for details.",
    "ref": "err_68855008"
  }
}
===== ANALYST laguna 2026-09-09 00:38:56 UTC =====
[91m[1mError: [0m{
  "name": "UnknownError",
  "data": {
    "message": "Unexpected server error. Check server logs for details.",
    "ref": "err_b1b5a2a7"
  }
}
===== ANALYST laguna 2026-09-09 05:17:00 UTC =====
[91m[1mError: [0m{
  "name": "UnknownError",
  "data": {
    "message": "Unexpected server error. Check server logs for details.",
    "ref": "err_88ccbe1a"
  }
}
===== ANALYST laguna 2026-09-09 09:54:31 UTC =====
[91m[1mError: [0m{
  "name": "UnknownError",
  "data": {
    "message": "Unexpected server error. Check server logs for details.",
    "ref": "err_28df02c1"
  }
}
===== ANALYST laguna 2026-09-09 14:25:02 UTC =====
[91m[1mError: [0m{
  "name": "UnknownError",
  "data": {
    "message": "Unexpected server error. Check server logs for details.",
    "ref": "err_3eaddc26"
  }
}
===== ANALYST laguna 2026-09-09 17:55:13 UTC =====
[91m[1mError: [0m{
  "name": "UnknownError",
  "data": {
    "message": "Unexpected server error. Check server logs for details.",
    "ref": "err_b0c45258"
  }
}
===== ANALYST laguna 2026-09-09 20:40:17 UTC =====
[91m[1mError: [0m{
  "name": "UnknownError",
  "data": {
    "message": "Unexpected server error. Check server logs for details.",
    "ref": "err_a7ea270b"
  }
}
===== ANALYST laguna 2026-09-09 23:05:54 UTC =====
[91m[1mError: [0m{
  "name": "UnknownError",
  "data": {
    "message": "Unexpected server error. Check server logs for details.",
    "ref": "err_bf0271cd"
  }
}
===== ANALYST laguna 2026-09-10 00:57:14 UTC =====
[91m[1mError: [0m{
  "name": "UnknownError",
  "data": {
    "message": "Unexpected server error. Check server logs for details.",
    "ref": "err_517e365f"
  }
}
===== ANALYST laguna 2026-09-10 05:48:05 UTC =====
[91m[1mError: [0m{
  "name": "UnknownError",
  "data": {
    "message": "Unexpected server error. Check server logs for details.",
    "ref": "err_1e391a3d"
  }
}
===== ANALYST laguna 2026-09-10 10:57:47 UTC =====
[91m[1mError: [0m{
  "name": "UnknownError",
  "data": {
    "message": "Unexpected server error. Check server logs for details.",
    "ref": "err_2a672b37"
  }
}
===== ANALYST laguna 2026-09-10 15:12:06 UTC =====
[91m[1mError: [0m{
  "name": "UnknownError",
  "data": {
    "message": "Unexpected server error. Check server logs for details.",
    "ref": "err_78c3780e"
  }
}
===== ANALYST laguna 2026-09-10 18:14:38 UTC =====
[91m[1mError: [0m{
  "name": "UnknownError",
  "data": {
    "message": "Unexpected server error. Check server logs for details.",
    "ref": "err_321ccd9f"
  }
}
===== ANALYST laguna 2026-09-10 20:59:46 UTC =====
[91m[1mError: [0m{
  "name": "UnknownError",
  "data": {
    "message": "Unexpected server error. Check server logs for details.",
    "ref": "err_54445e22"
  }
}
===== ANALYST laguna 2026-09-10 23:03:28 UTC =====
[91m[1mError: [0m{
  "name": "UnknownError",
  "data": {
    "message": "Unexpected server error. Check server logs for details.",
    "ref": "err_ab26ff8a"
  }
}
===== ANALYST laguna 2026-09-11 01:13:09 UTC =====
[91m[1mError: [0m{
  "name": "UnknownError",
  "data": {
    "message": "Unexpected server error. Check server logs for details.",
    "ref": "err_40ba3eae"
  }
}
===== ANALYST laguna 2026-09-11 06:13:59 UTC =====
[91m[1mError: [0m{
  "name": "UnknownError",
  "data": {
    "message": "Unexpected server error. Check server logs for details.",
    "ref": "err_bee67b69"
  }
}
===== ANALYST laguna 2026-09-11 11:34:00 UTC =====
[91m[1mError: [0m{
  "name": "UnknownError",
  "data": {
    "message": "Unexpected server error. Check server logs for details.",
    "ref": "err_a62553da"
  }
}
===== ANALYST laguna 2026-09-11 15:22:48 UTC =====
[91m[1mError: [0m{
  "name": "UnknownError",
  "data": {
    "message": "Unexpected server error. Check server logs for details.",
    "ref": "err_021fe377"
  }
}
===== ANALYST laguna 2026-09-11 18:40:24 UTC =====
[91m[1mError: [0m{
  "name": "UnknownError",
  "data": {
    "message": "Unexpected server error. Check server logs for details.",
    "ref": "err_8c48391a"
  }
}
===== ANALYST laguna 2026-09-11 21:21:26 UTC =====
[91m[1mError: [0m{
  "name": "UnknownError",
  "data": {
    "message": "Unexpected server error. Check server logs for details.",
    "ref": "err_53ce700d"
  }
}
===== ANALYST laguna 2026-09-11 23:23:45 UTC =====
[91m[1mError: [0m{
  "name": "UnknownError",
  "data": {
    "message": "Unexpected server error. Check server logs for details.",
    "ref": "err_a452c05f"
  }
}
===== ANALYST laguna 2026-09-12 01:35:20 UTC =====
[91m[1mError: [0m{
  "name": "UnknownError",
  "data": {
    "message": "Unexpected server error. Check server logs for details.",
    "ref": "err_59e2bc01"
  }
}
===== ANALYST laguna 2026-09-12 06:31:09 UTC =====
[91m[1mError: [0m{
  "name": "UnknownError",
  "data": {
    "message": "Unexpected server error. Check server logs for details.",
    "ref": "err_cbcbc44e"
  }
}
===== ANALYST laguna 2026-09-12 11:20:00 UTC =====
[91m[1mError: [0m{
  "name": "UnknownError",
  "data": {
    "message": "Unexpected server error. Check server logs for details.",
    "ref": "err_f2c3aaea"
  }
}
===== ANALYST laguna 2026-09-12 14:20:20 UTC =====
[91m[1mError: [0m{
  "name": "UnknownError",
  "data": {
    "message": "Unexpected server error. Check server logs for details.",
    "ref": "err_4be90d67"
  }
}
===== ANALYST laguna 2026-09-12 17:24:48 UTC =====
[91m[1mError: [0m{
  "name": "UnknownError",
  "data": {
    "message": "Unexpected server error. Check server logs for details.",
    "ref": "err_b4dcba4e"
  }
}
===== ANALYST laguna 2026-09-12 19:29:42 UTC =====
[91m[1mError: [0m{
  "name": "UnknownError",
  "data": {
    "message": "Unexpected server error. Check server logs for details.",
    "ref": "err_af8dfb71"
  }
}
===== ANALYST laguna 2026-09-12 21:39:36 UTC =====
[91m[1mError: [0m{
  "name": "UnknownError",
  "data": {
    "message": "Unexpected server error. Check server logs for details.",
    "ref": "err_be2bc481"
  }
}
===== ANALYST laguna 2026-09-12 23:24:40 UTC =====
[91m[1mError: [0m{
  "name": "UnknownError",
  "data": {
    "message": "Unexpected server error. Check server logs for details.",
    "ref": "err_dcc72c98"
  }
}
===== ANALYST laguna 2026-09-13 01:25:57 UTC =====
[91m[1mError: [0m{
  "name": "UnknownError",
  "data": {
    "message": "Unexpected server error. Check server logs for details.",
    "ref": "err_8244bd00"
  }
}
===== ANALYST laguna 2026-09-13 06:48:59 UTC =====
[91m[1mError: [0m{
  "name": "UnknownError",
  "data": {
    "message": "Unexpected server error. Check server logs for details.",
    "ref": "err_f8f9e42b"
  }
}
===== ANALYST laguna 2026-09-13 12:40:34 UTC =====
[91m[1mError: [0m{
  "name": "UnknownError",
  "data": {
    "message": "Unexpected server error. Check server logs for details.",
    "ref": "err_a118fe4a"
  }
}
===== ANALYST laguna 2026-09-13 16:39:29 UTC =====
[91m[1mError: [0m{
  "name": "UnknownError",
  "data": {
    "message": "Unexpected server error. Check server logs for details.",
    "ref": "err_b374ebeb"
  }
}
===== ANALYST laguna 2026-09-13 19:17:26 UTC =====
[91m[1mError: [0m{
  "name": "UnknownError",
  "data": {
    "message": "Unexpected server error. Check server logs for details.",
    "ref": "err_4b7d40c8"
  }
}
===== ANALYST laguna 2026-09-13 21:22:40 UTC =====
[91m[1mError: [0m{
  "name": "UnknownError",
  "data": {
    "message": "Unexpected server error. Check server logs for details.",
    "ref": "err_c07eba13"
  }
}
===== ANALYST laguna 2026-09-13 23:31:40 UTC =====
[91m[1mError: [0m{
  "name": "UnknownError",
  "data": {
    "message": "Unexpected server error. Check server logs for details.",
    "ref": "err_cf95e50f"
  }
}
===== ANALYST laguna 2026-09-14 01:41:35 UTC =====
[91m[1mError: [0m{
  "name": "UnknownError",
  "data": {
    "message": "Unexpected server error. Check server logs for details.",
    "ref": "err_f69867c8"
  }
}
===== ANALYST laguna 2026-09-14 07:11:32 UTC =====
[91m[1mError: [0m{
  "name": "UnknownError",
  "data": {
    "message": "Unexpected server error. Check server logs for details.",
    "ref": "err_5b02d17f"
  }
}
===== ANALYST laguna 2026-09-14 14:19:21 UTC =====
[91m[1mError: [0m{
  "name": "UnknownError",
  "data": {
    "message": "Unexpected server error. Check server logs for details.",
    "ref": "err_f06497d0"
  }
}
===== ANALYST laguna 2026-09-14 19:32:25 UTC =====
[91m[1mError: [0m{
  "name": "UnknownError",
  "data": {
    "message": "Unexpected server error. Check server logs for details.",
    "ref": "err_bd3f65cc"
  }
}
===== ANALYST laguna 2026-09-14 22:47:01 UTC =====
[91m[1mError: [0m{
  "name": "UnknownError",
  "data": {
    "message": "Unexpected server error. Check server logs for details.",
    "ref": "err_b99ed012"
  }
}
===== ANALYST laguna 2026-09-15 01:17:33 UTC =====
[91m[1mError: [0m{
  "name": "UnknownError",
  "data": {
    "message": "Unexpected server error. Check server logs for details.",
    "ref": "err_0828908a"
  }
}
===== ANALYST laguna 2026-09-15 06:20:55 UTC =====
[91m[1mError: [0m{
  "name": "UnknownError",
  "data": {
    "message": "Unexpected server error. Check server logs for details.",
    "ref": "err_0214d155"
  }
}
===== ANALYST laguna 2026-09-15 11:56:31 UTC =====
[91m[1mError: [0m{
  "name": "UnknownError",
  "data": {
    "message": "Unexpected server error. Check server logs for details.",
    "ref": "err_0a67d415"
  }
}
===== ANALYST laguna 2026-09-15 16:34:52 UTC =====
[91m[1mError: [0m{
  "name": "UnknownError",
  "data": {
    "message": "Unexpected server error. Check server logs for details.",
    "ref": "err_a349fefe"
  }
}
===== ANALYST laguna 2026-09-15 19:52:56 UTC =====
[91m[1mError: [0m{
  "name": "UnknownError",
  "data": {
    "message": "Unexpected server error. Check server logs for details.",
    "ref": "err_b81b3f84"
  }
}
===== ANALYST laguna 2026-09-15 22:55:41 UTC =====
[91m[1mError: [0m{
  "name": "UnknownError",
  "data": {
    "message": "Unexpected server error. Check server logs for details.",
    "ref": "err_c30beaba"
  }
}
===== ANALYST laguna 2026-09-16 01:13:10 UTC =====
[91m[1mError: [0m{
  "name": "UnknownError",
  "data": {
    "message": "Unexpected server error. Check server logs for details.",
    "ref": "err_30f4cfbe"
  }
}
===== ANALYST laguna 2026-09-16 06:10:40 UTC =====
[91m[1mError: [0m{
  "name": "UnknownError",
  "data": {
    "message": "Unexpected server error. Check server logs for details.",
    "ref": "err_b92eb0ed"
  }
}
===== ANALYST laguna 2026-09-16 11:49:55 UTC =====
[91m[1mError: [0m{
  "name": "UnknownError",
  "data": {
    "message": "Unexpected server error. Check server logs for details.",
    "ref": "err_102ccc06"
  }
}
===== ANALYST laguna 2026-09-16 16:24:40 UTC =====
[91m[1mError: [0m{
  "name": "UnknownError",
  "data": {
    "message": "Unexpected server error. Check server logs for details.",
    "ref": "err_5ca886dc"
  }
}
===== ANALYST laguna 2026-09-16 20:01:11 UTC =====
[91m[1mError: [0m{
  "name": "UnknownError",
  "data": {
    "message": "Unexpected server error. Check server logs for details.",
    "ref": "err_d8b1e855"
  }
}
===== ANALYST laguna 2026-09-16 22:44:01 UTC =====
[91m[1mError: [0m{
  "name": "UnknownError",
  "data": {
    "message": "Unexpected server error. Check server logs for details.",
    "ref": "err_58e38262"
  }
}
===== ANALYST laguna 2026-09-17 01:09:30 UTC =====
[91m[1mError: [0m{
  "name": "UnknownError",
  "data": {
    "message": "Unexpected server error. Check server logs for details.",
    "ref": "err_5fdb3781"
  }
}
===== ANALYST laguna 2026-09-17 06:14:32 UTC =====
[91m[1mError: [0m{
  "name": "UnknownError",
  "data": {
    "message": "Unexpected server error. Check server logs for details.",
    "ref": "err_e6fd7add"
  }
}
===== ANALYST laguna 2026-09-17 11:54:06 UTC =====
[91m[1mError: [0m{
  "name": "UnknownError",
  "data": {
    "message": "Unexpected server error. Check server logs for details.",
    "ref": "err_bf64483f"
  }
}
===== ANALYST laguna 2026-09-17 16:31:10 UTC =====
[91m[1mError: [0m{
  "name": "UnknownError",
  "data": {
    "message": "Unexpected server error. Check server logs for details.",
    "ref": "err_a07ee64c"
  }
}
===== ANALYST laguna 2026-09-17 19:51:55 UTC =====
[91m[1mError: [0m{
  "name": "UnknownError",
  "data": {
    "message": "Unexpected server error. Check server logs for details.",
    "ref": "err_5ef7bc23"
  }
}
===== ANALYST laguna 2026-09-17 22:44:34 UTC =====
[91m[1mError: [0m{
  "name": "UnknownError",
  "data": {
    "message": "Unexpected server error. Check server logs for details.",
    "ref": "err_1c1bdece"
  }
}
===== ANALYST laguna 2026-09-18 01:06:45 UTC =====
[91m[1mError: [0m{
  "name": "UnknownError",
  "data": {
    "message": "Unexpected server error. Check server logs for details.",
    "ref": "err_af38e2b6"
  }
}
===== ANALYST laguna 2026-09-18 06:03:47 UTC =====
[91m[1mError: [0m{
  "name": "UnknownError",
  "data": {
    "message": "Unexpected server error. Check server logs for details.",
    "ref": "err_5dee2021"
  }
}
===== ANALYST laguna 2026-09-18 11:29:20 UTC =====
[91m[1mError: [0m{
  "name": "UnknownError",
  "data": {
    "message": "Unexpected server error. Check server logs for details.",
    "ref": "err_d84cc4eb"
  }
}
===== ANALYST laguna 2026-09-18 15:15:11 UTC =====
[91m[1mError: [0m{
  "name": "UnknownError",
  "data": {
    "message": "Unexpected server error. Check server logs for details.",
    "ref": "err_2c2b9d30"
  }
}
